
[1m[46m RUN [49m[22m [36mv4.0.18 [39m[90mC:/Users/tomoki_ttttt/Next.js/Tabidea/tabidea[39m

 [31m❯[39m src/components/features/planner/SimplifiedInputFlow.test.tsx [2m([22m[2m3 tests[22m[2m | [22m[31m2 failed[39m[2m)[22m[33m 324[2mms[22m[39m
[31m     [31m×[31m renders '未定' option in duration mode[39m[32m 122[2mms[22m[39m
     [32m✓[39m treats unselected calendar dates as valid (undecided)[32m 76[2mms[22m[39m
[31m     [31m×[31m sends '未定' when generating with empty calendar dates[39m[32m 123[2mms[22m[39m

[2m Test Files [22m [1m[31m1 failed[39m[22m[90m (1)[39m
[2m      Tests [22m [1m[31m2 failed[39m[22m[2m | [22m[1m[32m1 passed[39m[22m[90m (3)[39m
[2m   Start at [22m 19:15:16
[2m   Duration [22m 7.15s[2m (transform 418ms, setup 631ms, import 1.48s, tests 324ms, environment 3.59s)[22m

